// Jest Snapshot v1, https://goo.gl/fbAQLP

exports[`display component renders the image, header and footer 1`] = `
<div>
  <p />
  <img
    src="https://images.ecosia.org/An2PbD_aWxo5_5lkuaiDNB7sl-s=/0x390/smart/http%3A%2F%2Fi0.kym-cdn.com%2Fphotos%2Fimages%2Foriginal%2F001%2F178%2F872%2F3f4.jpg"
  />
  <p />
</div>
`;
